exports[`test should render an input 1`] = `
<input
  className="c-todo-input"
  value="hello" />
`;
